definition.macro|(0, 0)|(0, 29)
name|(0, 8)|(0, 14)
definition.function|(2, 0)|(2, 23)
name|(2, 8)|(2, 15)
definition.function|(4, 0)|(4, 31)
name|(4, 16)|(4, 23)
definition.function|(6, 0)|(6, 31)
name|(6, 8)|(6, 17)
definition.function|(7, 0)|(7, 20)
name|(7, 8)|(7, 17)
definition.function|(8, 0)|(8, 21)
name|(8, 14)|(8, 18)
definition.type|(10, 0)|(12, 1)
name|(10, 5)|(10, 11)
definition.constant|(11, 4)|(11, 16)
name|(11, 4)|(11, 16)
definition.variable|(14, 4)|(14, 16)
name|(14, 4)|(14, 16)
definition.function|(16, 0)|(21, 1)
name|(16, 7)|(16, 14)
reference.call|(17, 4)|(17, 17)
name|(17, 4)|(17, 10)
reference.call|(18, 4)|(18, 17)
name|(18, 11)|(18, 15)
reference.call|(19, 4)|(19, 16)
name|(19, 6)|(19, 14)
reference.call|(20, 4)|(20, 17)
name|(20, 4)|(20, 12)
