definition.macro|(0, 0)|(0, 29)
name|(0, 8)|(0, 14)
definition.function|(2, 0)|(2, 23)
name|(2, 8)|(2, 15)
definition.function|(4, 0)|(4, 31)
name|(4, 16)|(4, 23)
definition.function|(5, 0)|(5, 33)
name|(5, 10)|(5, 19)
definition.function|(6, 0)|(6, 23)
name|(6, 10)|(6, 20)
definition.function|(8, 0)|(8, 31)
name|(8, 8)|(8, 17)
definition.function|(9, 0)|(9, 20)
name|(9, 8)|(9, 17)
definition.function|(10, 0)|(10, 21)
name|(10, 14)|(10, 18)
definition.type|(12, 0)|(14, 1)
name|(12, 5)|(12, 11)
definition.constant|(13, 4)|(13, 16)
name|(13, 4)|(13, 16)
definition.variable|(16, 4)|(16, 16)
name|(16, 4)|(16, 16)
definition.function|(18, 0)|(23, 1)
name|(18, 7)|(18, 14)
reference.call|(19, 4)|(19, 17)
name|(19, 4)|(19, 10)
reference.call|(20, 4)|(20, 17)
name|(20, 11)|(20, 15)
reference.call|(21, 4)|(21, 16)
name|(21, 6)|(21, 14)
reference.call|(22, 4)|(22, 17)
name|(22, 4)|(22, 12)
